Left
    ( AdvisoryError
        ( MissingKey "affected" ) "MissingKey "affected""
    )
